101: normal 250 50
255: CCTV 330 110
245: normal 300 70
301: covered 350 100
201: CCTV 430 140
321: normal 350 80
443: covered 400 110
245: normal 300 70
301: covered 350 100
201: CCTV 430 140
321: normal 350 80
443: covered 400 110
